<?xml version="1.0" encoding="utf-8"?><testsuites name="pytest tests"><testsuite name="pytest" errors="0" failures="0" skipped="0" tests="4" time="0.711" timestamp="2025-08-28T14:06:42.715898-07:00" hostname="Anthony"><testcase classname="tests.unit.test_refresh_endpoint.TestAuthServiceRefreshLogic" name="test_refresh_tokens_success" time="0.442" /><testcase classname="tests.unit.test_refresh_endpoint.TestAuthServiceRefreshLogic" name="test_refresh_tokens_invalid_token" time="0.011" /><testcase classname="tests.unit.test_refresh_endpoint.TestAuthServiceRefreshLogic" name="test_refresh_tokens_race_condition" time="0.012" /><testcase classname="tests.unit.test_refresh_endpoint.TestAuthServiceRefreshLogic" name="test_refresh_updates_session" time="0.016" /></testsuite></testsuites>