<?xml version="1.0" encoding="utf-8"?><testsuites name="pytest tests"><testsuite name="pytest" errors="0" failures="0" skipped="2" tests="29" time="1.072" timestamp="2025-08-27T15:43:43.803840-07:00" hostname="Anthony"><testcase classname="tests.test_auth_comprehensive.TestAuthConfiguration" name="test_environment_setup" time="0.341" /><testcase classname="tests.test_auth_comprehensive.TestAuthConfiguration" name="test_auth_config_initialization" time="0.002" /><testcase classname="tests.test_auth_comprehensive.TestAuthConfiguration" name="test_auth_provider_enum" time="0.001" /><testcase classname="tests.test_auth_comprehensive.TestDatabaseOperations" name="test_database_connection_initialization" time="0.001" /><testcase classname="tests.test_auth_comprehensive.TestDatabaseOperations" name="test_database_connection_parameters" time="0.001" /><testcase classname="tests.test_auth_comprehensive.TestJWTTokenHandling" name="test_jwt_token_structure_validation" time="0.006" /><testcase classname="tests.test_auth_comprehensive.TestJWTTokenHandling" name="test_jwt_secret_configuration" time="0.001" /><testcase classname="tests.test_auth_comprehensive.TestJWTTokenHandling" name="test_jwt_token_generation" time="0.006" /><testcase classname="tests.test_auth_comprehensive.TestJWTTokenHandling" name="test_jwt_token_expiration" time="0.006" /><testcase classname="tests.test_auth_comprehensive.TestOAuthFlows" name="test_google_oauth_initiation" time="0.029" /><testcase classname="tests.test_auth_comprehensive.TestOAuthFlows" name="test_oauth_redirect_uri_configuration" time="0.002" /><testcase classname="tests.test_auth_comprehensive.TestOAuthFlows" name="test_oauth_state_csrf_protection" time="0.014" /><testcase classname="tests.test_auth_comprehensive.TestOAuthFlows" name="test_oauth_callback_handling" time="0.025" /><testcase classname="tests.test_auth_comprehensive.TestOAuthFlows" name="test_oauth_error_scenarios" time="0.013" /><testcase classname="tests.test_auth_comprehensive.TestOAuthFlows" name="test_oauth_staging_configuration" time="0.001" /><testcase classname="tests.test_auth_comprehensive.TestAPIEndpoints" name="test_health_endpoint" time="0.007" /><testcase classname="tests.test_auth_comprehensive.TestAPIEndpoints" name="test_auth_endpoints_head_method_support" time="0.023" /><testcase classname="tests.test_auth_comprehensive.TestAPIEndpoints" name="test_cors_headers" time="0.005" /><testcase classname="tests.test_auth_comprehensive.TestAPIEndpoints" name="test_login_endpoint_validation" time="0.036" /><testcase classname="tests.test_auth_comprehensive.TestSecurityScenarios" name="test_sql_injection_protection" time="0.024" /><testcase classname="tests.test_auth_comprehensive.TestSecurityScenarios" name="test_rate_limiting_protection" time="0.083" /><testcase classname="tests.test_auth_comprehensive.TestSecurityScenarios" name="test_password_security_validation" time="0.017" /><testcase classname="tests.test_auth_comprehensive.TestRedisOperations" name="test_redis_connection_availability" time="0.001"><skipped type="pytest.skip" message="Redis not available in test environment">C:\Users\antho\OneDrive\Desktop\Netra\netra-core-generation-1\auth_service\tests\test_auth_comprehensive.py:439: Redis not available in test environment</skipped></testcase><testcase classname="tests.test_auth_comprehensive.TestRedisOperations" name="test_redis_failover_graceful_degradation" time="0.006" /><testcase classname="tests.test_auth_comprehensive.TestErrorHandling" name="test_database_connection_error_handling" time="0.005" /><testcase classname="tests.test_auth_comprehensive.TestErrorHandling" name="test_invalid_jwt_token_handling" time="0.019" /><testcase classname="tests.test_auth_comprehensive.TestErrorHandling" name="test_malformed_request_handling" time="0.019" /><testcase classname="tests.test_auth_comprehensive.TestEnvironmentCompatibility" name="test_development_environment_features" time="0.001" /><testcase classname="tests.test_auth_comprehensive.TestEnvironmentCompatibility" name="test_staging_environment_features" time="0.006"><skipped type="pytest.skip" message="Test requires staging environment, current: test">C:\Users\antho\OneDrive\Desktop\Netra\netra-core-generation-1\auth_service\tests\test_auth_comprehensive.py:538: Test requires staging environment, current: test</skipped></testcase></testsuite></testsuites>